  Ôû▓ Next.js 14.2.35

   Creating an optimized production build ...
 Ô£ô Compiled successfully
   Linting and checking validity of types ...

./src/app/admin/page.tsx
204:19  Warning: Using `<img>` could result in slower LCP and higher bandwidth. Consider using `<Image />` from `next/image` to automatically optimize images. This may incur additional usage or cost from your provider. See: https://nextjs.org/docs/messages/no-img-element  @next/next/no-img-element

./src/app/admin/products/page.tsx
190:23  Warning: Using `<img>` could result in slower LCP and higher bandwidth. Consider using `<Image />` from `next/image` to automatically optimize images. This may incur additional usage or cost from your provider. See: https://nextjs.org/docs/messages/no-img-element  @next/next/no-img-element
491:23  Warning: Using `<img>` could result in slower LCP and higher bandwidth. Consider using `<Image />` from `next/image` to automatically optimize images. This may incur additional usage or cost from your provider. See: https://nextjs.org/docs/messages/no-img-element  @next/next/no-img-element

./src/app/shop/page.tsx
66:6  Warning: React Hook useMemo has a missing dependency: 'products'. Either include it or remove the dependency array.  react-hooks/exhaustive-deps

info  - Need to disable some ESLint rules? Learn more here: https://nextjs.org/docs/basic-features/eslint#disabling-rules
   Collecting page data ...
   Generating static pages (0/18) ...
   Generating static pages (4/18) 
   Generating static pages (8/18) 
   Generating static pages (13/18) 
 Ô£ô Generating static pages (18/18)
   Finalizing page optimization ...
   Collecting build traces ...

Route (app)                              Size     First Load JS
Ôöî Ôùï /                                    7.1 kB          116 kB
Ôö£ Ôùï /_not-found                          873 B          88.2 kB
Ôö£ Ôùï /about                               185 B           101 kB
Ôö£ Ôùï /admin                               3.4 kB          103 kB
Ôö£ Ôùï /admin/orders                        4.43 kB        95.4 kB
Ôö£ Ôùï /admin/products                      5.91 kB        96.9 kB
Ôö£ Ôùï /admin/settings                      3.37 kB        94.4 kB
Ôö£ Ôùï /cart                                3.77 kB         105 kB
Ôö£ Ôùï /categories                          1.97 kB         107 kB
Ôö£ ãÆ /category/[slug]                     3.02 kB         112 kB
Ôö£ Ôùï /checkout                            4.43 kB         109 kB
Ôö£ Ôùï /contact                             2.57 kB        93.6 kB
Ôö£ Ôùï /faq                                 1.34 kB        97.3 kB
Ôö£ Ôùï /policies                            177 B          96.2 kB
Ôö£ ãÆ /policies/[slug]                     177 B          96.2 kB
Ôö£ ãÆ /product/[slug]                      5.19 kB         114 kB
Ôö£ Ôùï /shop                                4.4 kB          113 kB
Ôö£ Ôùï /track-order                         2.3 kB         89.6 kB
Ôöö Ôùï /wishlist                            802 B           106 kB
+ First Load JS shared by all            87.3 kB
  Ôö£ chunks/117-fa333f8e9f1c57af.js       31.7 kB
  Ôö£ chunks/fd9d1056-c133ba2fac0986ad.js  53.6 kB
  Ôöö other shared chunks (total)          1.92 kB


Ôùï  (Static)   prerendered as static content
ãÆ  (Dynamic)  server-rendered on demand

